BEGIN BLOCK
BEGIN HEADER
26be2dbf5e03db0958be7fe4d0ff9dc75f302fae06ae3395c00a469329976beb
1b4151dceda008b66f4303575f10b641e5bea76e6971a5359ae7f468aa159ab8
1745730488
7fffffffffffffffffffffffffffffffffffffffffffffffffffffffffffffff
7490223514154226534
END HEADER
100jby6yzd0w8uadwpkh0vjdw2y1jhjuf1tkve0b 4652367
1dzw7bd9cz99bplnpsbe1sofblaysy5w0teqivz4 4431817
vllsxvtsuzmao7suwie3w8fg6j9wyh4gedl2fxom 4729108
b8coad22a1ysimdzyiqi65q9zyroo45jo4xu69gq 739122
b6zhte4dje2en4jvd71wp0fknw2q8jpvvmf6vxc0 5049910
l2brr8m4wag6zlok1f954ie98g4pojcxfdks0b73 4907444
mc2bcz1takzs4581zlcccv09ktletpbuf6ys6unb 3787352
rd8mapv95pb2sjsdf4qcrqv65xfg4j3ypirk11lq 4570017
70j9xg26re67xlbc7inucjfsdurwzmteepcs6bxq 2951792
o62n5hs1kyewtfsx97hrvfgg2wuu8q6sbtl34hxf 2380793
END BLOCK

BEGIN BLOCK
BEGIN HEADER
0
5e06091cc2fc68fe0a7076cf6bafe928a4de6c0983de7fc5964b583ac71a29fa
1745730488
7fffffffffffffffffffffffffffffffffffffffffffffffffffffffffffffff
1454211451253023209
END HEADER
9u8dx0wpp0jsbzak8fxmbhi8ez5cy6riwz53p10u 5931835
ddcv04eoc5y46uq1qheg9qq72p8ftk5w6ybxgnip 7390666
rzxeqk0os10l12nwo3eebs3jt3gw3utmc7xgi2tl 5621672
9ntq8e1zs92c3ls00x9gn1xvhv717ope5idesj6n 5252184
tddddxbpkuie9i20b3t9wj50n3ye5z18o0ydsuo1 6905736
o4p5uz6mx7awib3318cxoleik4jotpssoa6gwh1j 311172
9ys3gghjm08o3ss9dtus88jv0f6edujvsjqe1126 7319190
04cd6edwu9f1v856lb95284k358p0kfrj7ofmfuh 8640152
menr8m3wkays8ooronspvq32hnc2lfe5vmnk3zgh 5860415
h65ehxlxxfx1zgfv15riv0qfku01sv13kjy4miqc 8194702
h8vcc0fwzim7vde3ruczzdxgxlpzgo37sucdsnvv 4198984
th70mm63weq0u1bs3iym6gfbdpkxa0uxi31nj6e8 6456914
v9moggf97f8u0esb5slusmne3cewfgf2r7q9g73c 9722040
nn7sq79m1rxfvg1hgrmr0jsiyabkhzi1klzx9y22 6741463
bxa007pzb0v8npu0si77vr6b9mjld827jl9smz0i 7995101
7o8pzpx7wzhpy05g0gr1gs0013d1zl69r1jvyp1p 1387698
w8cdd3n0t6fe8wguvjllb3a4e5vcsohgosdrh1l9 421151
END BLOCK

